
> temp_app@0.1.0 test
> jest __tests__/components/landing/HeroSection.test.tsx

node.exe : FAIL __tests__/componen
ts/landing/HeroSection.test.tsx
At C:\Program 
Files\nodejs\npm.ps1:29 char:3
+   & $NODE_EXE $NPM_CLI_JS $args
+   ~~~~~~~~~~~~~~~~~~~~~~~~~~~~~
    + CategoryInfo          : Not 
   Specified: (FAIL __tests__/..  
  .ection.test.tsx:String) [],    
 RemoteException
    + FullyQualifiedErrorId : Nat 
   iveCommandError
 
  HeroSection Component
    ├ù renders the main 
typography INNOVATE (69 ms)
    ├ù renders the slogan your 
LIFESTYLE (9 ms)
    ├ù renders the main headline 
INNOVATE (6 ms)
    ├ù renders the Shop Now CTA 
button (6 ms)

  ΓùÅ HeroSection Component ΓÇ║ 
renders the main typography 
INNOVATE

    AggregateError:

    [0m [90m  5 |[39m 
describe([32m'HeroSection 
Component'[39m[33m,[39m () 
[33m=>[39m {
     [90m  6 |[39m     
it([32m'renders the main 
typography 
INNOVATE'[39m[33m,[39m () 
[33m=>[39m {
    [31m[1m>[22m[39m[90m  7 
|[39m         render([33m<[39m
[33mHeroSection[39m 
[33m/[39m[33m>[39m)
     [90m    |[39m              
 [31m[1m^[22m[39m
     [90m  8 |[39m         expec
t(screen[33m.[39mgetByText([35m
/INNOVATE/i[39m))[33m.[39mtoBeI
nTheDocument()
     [90m  9 |[39m     })
     [90m 10 |[39m[0m

      at aggregateErrors (node_mod
ules/react/cjs/react.development.j
s:551:11)
      at 
process.env.NODE_ENV.exports.act (
node_modules/react/cjs/react.devel
opment.js:897:24)
      at node_modules/@testing-lib
rary/react/dist/act-compat.js:46:2
5
      at renderRoot (node_modules/
@testing-library/react/dist/pure.j
s:189:26)
      at render (node_modules/@tes
ting-library/react/dist/pure.js:29
1:10)
      at Object.<anonymous> (__tes
ts__/components/landing/HeroSectio
n.test.tsx:7:15)

  ΓùÅ HeroSection Component ΓÇ║ 
renders the slogan your LIFESTYLE

    AggregateError:

    [0m [90m 10 |[39m
     [90m 11 |[39m     
it([32m'renders the slogan your 
LIFESTYLE'[39m[33m,[39m () 
[33m=>[39m {
    [31m[1m>[22m[39m[90m 12 
|[39m         render([33m<[39m
[33mHeroSection[39m 
[33m/[39m[33m>[39m)
     [90m    |[39m              
 [31m[1m^[22m[39m
     [90m 13 |[39m         expec
t(screen[33m.[39mgetByText([35m
/your/i[39m))[33m.[39mtoBeInThe
Document()
     [90m 14 |[39m         expec
t(screen[33m.[39mgetByText([35m
/LIFESTYLE/i[39m))[33m.[39mtoBe
InTheDocument()
     [90m 15 |[39m     })[0m

      at aggregateErrors (node_mod
ules/react/cjs/react.development.j
s:551:11)
      at 
process.env.NODE_ENV.exports.act (
node_modules/react/cjs/react.devel
opment.js:897:24)
      at node_modules/@testing-lib
rary/react/dist/act-compat.js:46:2
5
      at renderRoot (node_modules/
@testing-library/react/dist/pure.j
s:189:26)
      at render (node_modules/@tes
ting-library/react/dist/pure.js:29
1:10)
      at Object.<anonymous> (__tes
ts__/components/landing/HeroSectio
n.test.tsx:12:15)

  ΓùÅ HeroSection Component ΓÇ║ 
renders the main headline INNOVATE

    AggregateError:

    [0m [90m 16 |[39m
     [90m 17 |[39m     
it([32m'renders the main 
headline 
INNOVATE'[39m[33m,[39m () 
[33m=>[39m {
    [31m[1m>[22m[39m[90m 18 
|[39m         render([33m<[39m
[33mHeroSection[39m 
[33m/[39m[33m>[39m)
     [90m    |[39m              
 [31m[1m^[22m[39m
     [90m 19 |[39m         expec
t(screen[33m.[39mgetByText([35m
/INNOVATE/i[39m))[33m.[39mtoBeI
nTheDocument()
     [90m 20 |[39m     })
     [90m 21 |[39m[0m

      at aggregateErrors (node_mod
ules/react/cjs/react.development.j
s:551:11)
      at 
process.env.NODE_ENV.exports.act (
node_modules/react/cjs/react.devel
opment.js:897:24)
      at node_modules/@testing-lib
rary/react/dist/act-compat.js:46:2
5
      at renderRoot (node_modules/
@testing-library/react/dist/pure.j
s:189:26)
      at render (node_modules/@tes
ting-library/react/dist/pure.js:29
1:10)
      at Object.<anonymous> (__tes
ts__/components/landing/HeroSectio
n.test.tsx:18:15)

  ΓùÅ HeroSection Component ΓÇ║ 
renders the Shop Now CTA button

    AggregateError:

    [0m [90m 21 |[39m
     [90m 22 |[39m     
it([32m'renders the Shop Now CTA 
button'[39m[33m,[39m () 
[33m=>[39m {
    [31m[1m>[22m[39m[90m 23 
|[39m         render([33m<[39m
[33mHeroSection[39m 
[33m/[39m[33m>[39m)
     [90m    |[39m              
 [31m[1m^[22m[39m
     [90m 24 |[39m         
[36mconst[39m button 
[33m=[39m screen[33m.[39mgetBy
Role([32m'button'[39m[33m,[39m
 { name[33m:[39m [35m/Shop 
Now/i[39m })
     [90m 25 |[39m         expec
t(button)[33m.[39mtoBeInTheDocum
ent()
     [90m 26 |[39m     })[0m

      at aggregateErrors (node_mod
ules/react/cjs/react.development.j
s:551:11)
      at 
process.env.NODE_ENV.exports.act (
node_modules/react/cjs/react.devel
opment.js:897:24)
      at node_modules/@testing-lib
rary/react/dist/act-compat.js:46:2
5
      at renderRoot (node_modules/
@testing-library/react/dist/pure.j
s:189:26)
      at render (node_modules/@tes
ting-library/react/dist/pure.js:29
1:10)
      at Object.<anonymous> (__tes
ts__/components/landing/HeroSectio
n.test.tsx:23:15)

Test Suites: 1 failed, 1 total
Tests:       4 failed, 4 total
Snapshots:   0 total
Time:        1.188 s
Ran all test suites matching __tes
ts__/components/landing/HeroSectio
n.test.tsx.
